[app.monetizze.com.br/r/AXA25116053.0.delayed]
[secarcomsaude.online/index856f.html]
[secarcomsaude.online/wp-content/plugins/elementor/assets/lib/eicons/fonts/eiconsc63f.eot]
[secarcomsaude.online/wp-content/plugins/elementor/assets/lib/eicons/fonts/eiconsc63f.woff2]
[secarcomsaude.online/wp-content/plugins/elementor/assets/lib/eicons/fonts/eiconsc63f.woff]
[secarcomsaude.online/wp-content/plugins/elementor/assets/lib/eicons/fonts/eiconsc63f.ttf]
[backblue.gif]
[fade.gif]
[index.html]
[secarcomsaude.online/wp-content/plugins/elementor/assets/lib/eicons/fonts/eiconsc63f.svg]
[secarcomsaude.online/wp-content/uploads/2023/05/logo-guia-emagrecer-definitivo-1024x393.webp]
[secarcomsaude.online/wp-content/themes/twentytwentythree/assets/fonts/dm-sans/DMSans-Regular.woff2]
[secarcomsaude.online/wp-content/themes/twentytwentythree/assets/fonts/dm-sans/DMSans-Regular-Italic.woff2]
[secarcomsaude.online/wp-content/themes/twentytwentythree/assets/fonts/dm-sans/DMSans-Bold.woff2]
[secarcomsaude.online/index.html]
[secarcomsaude.online/wp-content/themes/twentytwentythree/assets/fonts/dm-sans/DMSans-Bold-Italic.woff2]
[secarcomsaude.online/wp-content/themes/twentytwentythree/assets/fonts/ibm-plex-mono/IBMPlexMono-Light.woff2]
[secarcomsaude.online/wp-content/themes/twentytwentythree/assets/fonts/ibm-plex-mono/IBMPlexMono-Regular.woff2]
[secarcomsaude.online/wp-content/themes/twentytwentythree/assets/fonts/ibm-plex-mono/IBMPlexMono-Italic.woff2]
[secarcomsaude.online/wp-content/themes/twentytwentythree/assets/fonts/ibm-plex-mono/IBMPlexMono-Bold.woff2]
[secarcomsaude.online/wp-content/themes/twentytwentythree/assets/fonts/inter/Inter-VariableFont_slnt,wght.ttf]
[secarcomsaude.online/wp-content/themes/twentytwentythree/assets/fonts/source-serif-pro/SourceSerif4Variable-Roman.ttf.woff2]
[secarcomsaude.online/wp-content/themes/twentytwentythree/assets/fonts/source-serif-pro/SourceSerif4Variable-Italic.ttf.woff2]
[secarcomsaude.online/wp-content/uploads/2023/05/cropped-logo-guia-emagrecer-definitivo-32x32.webp]
[secarcomsaude.online/wp-content/uploads/2023/05/cropped-logo-guia-emagrecer-definitivo-192x192.webp]
[secarcomsaude.online/wp-content/uploads/2023/05/cropped-logo-guia-emagrecer-definitivo-180x180.webp]
[scripts.converteai.net/db4fd111-1f49-4b22-8d43-b5b744e77259/players/6477f45f74656e0009285314/player.js]
[secarcomsaude.online/wp-content/plugins/elementor-pro/assets/js/webpack-pro.runtime.min.js]
[secarcomsaude.online/politica-de-privacidade/index.html]
[secarcomsaude.online/termos-de-uso/index.html]
[secarcomsaude.online/wp-content/plugins/elementor/assets/js/webpack.runtime.min.js]
[secarcomsaude.online/wp-includes/js/jquery/jquery.min.js]
[secarcomsaude.online/wp-content/plugins/elementor/assets/js/frontend-modules.min.js]
[secarcomsaude.online/wp-includes/js/dist/hooks.min.js]
[secarcomsaude.online/wp-includes/js/dist/i18n.min.js]
[secarcomsaude.online/wp-content/plugins/elementor-pro/assets/js/frontend.min.js]
[secarcomsaude.online/wp-content/plugins/elementor/assets/lib/waypoints/waypoints.min.js]
[secarcomsaude.online/wp-includes/js/jquery/ui/core.min.js]
[secarcomsaude.online/wp-content/plugins/elementor/assets/js/frontend.min.js]
[secarcomsaude.online/wp-content/plugins/elementor-pro/assets/js/elements-handlers.min.js]
[secarcomsaude.online/index856f.html]
[secarcomsaude.online/wp-content/plugins/elementor/assets/lib/eicons/fonts/eiconsc63f.svg]
[secarcomsaude.online/index.html]
[secarcomsaude.online/termos-de-uso/index.html]
[secarcomsaude.online/politica-de-privacidade/index.html]
